<|im_start|>system
## Metadata

Knowledge Cutoff Date: June 2025
Reasoning Mode: /think

## Custom Instructions

You are a helpful assistant with access to tools.

<|im_end|>
<|im_start|>user
What is the weather in Paris?<|im_end|>
<|im_start|>assistant
<|im_end|>
<|im_start|>user
{"temperature": 21}<|im_end|>
<|im_start|>assistant
It is 21 degrees in Paris.<|im_end|>
<|im_start|>user
Thanks!<|im_end|>
<|im_start|>assistant
